  Determining projects to restore...
  All projects are up-to-date for restore.
  JarvisAssistant.Core -> c:\Users\Bruce\source\repos\Jarvis Assistant MK2\JarvisAssistant.Core\bin\Debug\net8.0\JarvisAssistant.Core.dll
  JarvisAssistant.Infrastructure -> c:\Users\Bruce\source\repos\Jarvis Assistant MK2\JarvisAssistant.Infrastructure\bin\Debug\net8.0\JarvisAssistant.Infrastructure.dll
  JarvisAssistant.Services -> c:\Users\Bruce\source\repos\Jarvis Assistant MK2\JarvisAssistant.Services\bin\Debug\net8.0\JarvisAssistant.Services.dll
  JarvisAssistant.VoiceTest -> c:\Users\Bruce\source\repos\Jarvis Assistant MK2\JarvisAssistant.VoiceTest\bin\Debug\net8.0\JarvisAssistant.VoiceTest.dll
  JarvisAssistant.MAUI -> c:\Users\Bruce\source\repos\Jarvis Assistant MK2\JarvisAssistant.MAUI\bin\Debug\net8.0-android\JarvisAssistant.MAUI.dll
  JarvisAssistant.Core -> c:\Users\Bruce\source\repos\Jarvis Assistant MK2\JarvisAssistant.Core\bin\Debug\net8.0\JarvisAssistant.Core.dll
  JarvisAssistant.Infrastructure -> c:\Users\Bruce\source\repos\Jarvis Assistant MK2\JarvisAssistant.Infrastructure\bin\Debug\net8.0\JarvisAssistant.Infrastructure.dll
  JarvisAssistant.Services -> c:\Users\Bruce\source\repos\Jarvis Assistant MK2\JarvisAssistant.Services\bin\Debug\net8.0\JarvisAssistant.Services.dll
c:\Users\Bruce\source\repos\Jarvis Assistant MK2\JarvisAssistant.UnitTests\Integration\ChatIntegrationTests.cs(223,13): warning CS0162: Unreachable code detected [c:\Users\Bruce\source\repos\Jarvis Assistant MK2\JarvisAssistant.UnitTests\JarvisAssistant.UnitTests.csproj]
c:\Users\Bruce\source\repos\Jarvis Assistant MK2\JarvisAssistant.UnitTests\Integration\ChatIntegrationTests.cs(220,53): warning CS1998: This async method lacks 'await' operators and will run synchronously. Consider using the 'await' operator to await non-blocking API calls, or 'await Task.Run(...)' to do CPU-bound work on a background thread. [c:\Users\Bruce\source\repos\Jarvis Assistant MK2\JarvisAssistant.UnitTests\JarvisAssistant.UnitTests.csproj]
c:\Users\Bruce\source\repos\Jarvis Assistant MK2\JarvisAssistant.UnitTests\Services\LLM\IOllamaClientAbstractionTests.cs(161,45): warning CS1998: This async method lacks 'await' operators and will run synchronously. Consider using the 'await' operator to await non-blocking API calls, or 'await Task.Run(...)' to do CPU-bound work on a background thread. [c:\Users\Bruce\source\repos\Jarvis Assistant MK2\JarvisAssistant.UnitTests\JarvisAssistant.UnitTests.csproj]
c:\Users\Bruce\source\repos\Jarvis Assistant MK2\JarvisAssistant.UnitTests\Integration\ChatIntegrationTests.cs(242,47): warning CS1998: This async method lacks 'await' operators and will run synchronously. Consider using the 'await' operator to await non-blocking API calls, or 'await Task.Run(...)' to do CPU-bound work on a background thread. [c:\Users\Bruce\source\repos\Jarvis Assistant MK2\JarvisAssistant.UnitTests\JarvisAssistant.UnitTests.csproj]
c:\Users\Bruce\source\repos\Jarvis Assistant MK2\JarvisAssistant.UnitTests\Integration\ChatIntegrationTests.cs(195,53): warning CS1998: This async method lacks 'await' operators and will run synchronously. Consider using the 'await' operator to await non-blocking API calls, or 'await Task.Run(...)' to do CPU-bound work on a background thread. [c:\Users\Bruce\source\repos\Jarvis Assistant MK2\JarvisAssistant.UnitTests\JarvisAssistant.UnitTests.csproj]
c:\Users\Bruce\source\repos\Jarvis Assistant MK2\JarvisAssistant.UnitTests\Services\VoiceServiceTests.cs(282,27): warning CS1998: This async method lacks 'await' operators and will run synchronously. Consider using the 'await' operator to await non-blocking API calls, or 'await Task.Run(...)' to do CPU-bound work on a background thread. [c:\Users\Bruce\source\repos\Jarvis Assistant MK2\JarvisAssistant.UnitTests\JarvisAssistant.UnitTests.csproj]
c:\Users\Bruce\source\repos\Jarvis Assistant MK2\JarvisAssistant.UnitTests\Voice\ElevenLabsAudibleTests.cs(116,78): warning CS8602: Dereference of a possibly null reference. [c:\Users\Bruce\source\repos\Jarvis Assistant MK2\JarvisAssistant.UnitTests\JarvisAssistant.UnitTests.csproj]
c:\Users\Bruce\source\repos\Jarvis Assistant MK2\JarvisAssistant.UnitTests\Voice\VoiceServiceStatusTests.cs(32,25): warning CS8602: Dereference of a possibly null reference. [c:\Users\Bruce\source\repos\Jarvis Assistant MK2\JarvisAssistant.UnitTests\JarvisAssistant.UnitTests.csproj]
c:\Users\Bruce\source\repos\Jarvis Assistant MK2\JarvisAssistant.UnitTests\Mocks\MockMainPage.cs(83,23): warning CS8618: Non-nullable property 'ErrorMessage' must contain a non-null value when exiting constructor. Consider adding the 'required' modifier or declaring the property as nullable. [c:\Users\Bruce\source\repos\Jarvis Assistant MK2\JarvisAssistant.UnitTests\JarvisAssistant.UnitTests.csproj]
c:\Users\Bruce\source\repos\Jarvis Assistant MK2\JarvisAssistant.UnitTests\Mocks\MockMainPage.cs(28,39): error CS1061: 'INavigationService' does not contain a definition for 'GoToAsync' and no accessible extension method 'GoToAsync' accepting a first argument of type 'INavigationService' could be found (are you missing a using directive or an assembly reference?) [c:\Users\Bruce\source\repos\Jarvis Assistant MK2\JarvisAssistant.UnitTests\JarvisAssistant.UnitTests.csproj]
c:\Users\Bruce\source\repos\Jarvis Assistant MK2\JarvisAssistant.UnitTests\Mocks\MockMainPage.cs(31,39): error CS1061: 'INavigationService' does not contain a definition for 'GoToAsync' and no accessible extension method 'GoToAsync' accepting a first argument of type 'INavigationService' could be found (are you missing a using directive or an assembly reference?) [c:\Users\Bruce\source\repos\Jarvis Assistant MK2\JarvisAssistant.UnitTests\JarvisAssistant.UnitTests.csproj]
c:\Users\Bruce\source\repos\Jarvis Assistant MK2\JarvisAssistant.UnitTests\Mocks\MockMainPage.cs(28,21): warning CS8602: Dereference of a possibly null reference. [c:\Users\Bruce\source\repos\Jarvis Assistant MK2\JarvisAssistant.UnitTests\JarvisAssistant.UnitTests.csproj]
c:\Users\Bruce\source\repos\Jarvis Assistant MK2\JarvisAssistant.UnitTests\Mocks\MockMainPage.cs(31,21): warning CS8602: Dereference of a possibly null reference. [c:\Users\Bruce\source\repos\Jarvis Assistant MK2\JarvisAssistant.UnitTests\JarvisAssistant.UnitTests.csproj]
c:\Users\Bruce\source\repos\Jarvis Assistant MK2\JarvisAssistant.UnitTests\Mocks\MockMainPage.cs(34,21): warning CS8602: Dereference of a possibly null reference. [c:\Users\Bruce\source\repos\Jarvis Assistant MK2\JarvisAssistant.UnitTests\JarvisAssistant.UnitTests.csproj]
c:\Users\Bruce\source\repos\Jarvis Assistant MK2\JarvisAssistant.UnitTests\UI\MAUIStatusPanelUITests.cs(85,27): warning CS1998: This async method lacks 'await' operators and will run synchronously. Consider using the 'await' operator to await non-blocking API calls, or 'await Task.Run(...)' to do CPU-bound work on a background thread. [c:\Users\Bruce\source\repos\Jarvis Assistant MK2\JarvisAssistant.UnitTests\JarvisAssistant.UnitTests.csproj]
c:\Users\Bruce\source\repos\Jarvis Assistant MK2\JarvisAssistant.UnitTests\Services\LLM\LLMErrorHandlerTests.cs(392,21): warning CS8620: Argument of type 'Func<It.IsAnyType, Exception, string>' cannot be used for parameter 'formatter' of type 'Func<It.IsAnyType, Exception?, string>' in 'void ILogger.Log<IsAnyType>(LogLevel logLevel, EventId eventId, IsAnyType state, Exception? exception, Func<IsAnyType, Exception?, string> formatter)' due to differences in the nullability of reference types. [c:\Users\Bruce\source\repos\Jarvis Assistant MK2\JarvisAssistant.UnitTests\JarvisAssistant.UnitTests.csproj]
c:\Users\Bruce\source\repos\Jarvis Assistant MK2\JarvisAssistant.UnitTests\Services\LLM\LLMErrorHandlerTests.cs(412,21): warning CS8620: Argument of type 'Func<It.IsAnyType, Exception, string>' cannot be used for parameter 'formatter' of type 'Func<It.IsAnyType, Exception?, string>' in 'void ILogger.Log<IsAnyType>(LogLevel logLevel, EventId eventId, IsAnyType state, Exception? exception, Func<IsAnyType, Exception?, string> formatter)' due to differences in the nullability of reference types. [c:\Users\Bruce\source\repos\Jarvis Assistant MK2\JarvisAssistant.UnitTests\JarvisAssistant.UnitTests.csproj]
c:\Users\Bruce\source\repos\Jarvis Assistant MK2\JarvisAssistant.UnitTests\Services\LLM\LLMErrorHandlerTests.cs(447,13): warning CS8602: Dereference of a possibly null reference. [c:\Users\Bruce\source\repos\Jarvis Assistant MK2\JarvisAssistant.UnitTests\JarvisAssistant.UnitTests.csproj]
c:\Users\Bruce\source\repos\Jarvis Assistant MK2\JarvisAssistant.UnitTests\Integration\ChatIntegrationTests.cs(316,68): warning CS0067: The event 'TestVoiceCommandProcessor.CommandProcessed' is never used [c:\Users\Bruce\source\repos\Jarvis Assistant MK2\JarvisAssistant.UnitTests\JarvisAssistant.UnitTests.csproj]
c:\Users\Bruce\source\repos\Jarvis Assistant MK2\JarvisAssistant.UnitTests\Integration\ChatIntegrationTests.cs(268,63): warning CS0067: The event 'TestVoiceModeManager.WakeWordDetected' is never used [c:\Users\Bruce\source\repos\Jarvis Assistant MK2\JarvisAssistant.UnitTests\JarvisAssistant.UnitTests.csproj]
c:\Users\Bruce\source\repos\Jarvis Assistant MK2\JarvisAssistant.UnitTests\Integration\ChatIntegrationTests.cs(315,67): warning CS0067: The event 'TestVoiceCommandProcessor.CommandReceived' is never used [c:\Users\Bruce\source\repos\Jarvis Assistant MK2\JarvisAssistant.UnitTests\JarvisAssistant.UnitTests.csproj]
c:\Users\Bruce\source\repos\Jarvis Assistant MK2\JarvisAssistant.UnitTests\Integration\ChatIntegrationTests.cs(400,51): warning CS0067: The event 'TestStatusMonitorService.PropertyChanged' is never used [c:\Users\Bruce\source\repos\Jarvis Assistant MK2\JarvisAssistant.UnitTests\JarvisAssistant.UnitTests.csproj]
c:\Users\Bruce\source\repos\Jarvis Assistant MK2\JarvisAssistant.UnitTests\Integration\ChatIntegrationTests.cs(267,68): warning CS0067: The event 'TestVoiceModeManager.StateChanged' is never used [c:\Users\Bruce\source\repos\Jarvis Assistant MK2\JarvisAssistant.UnitTests\JarvisAssistant.UnitTests.csproj]
c:\Users\Bruce\source\repos\Jarvis Assistant MK2\JarvisAssistant.UnitTests\UI\MAUIStatusPanelUITests.cs(498,73): warning CS0067: The event 'MockStatusMonitorService.PropertyChanged' is never used [c:\Users\Bruce\source\repos\Jarvis Assistant MK2\JarvisAssistant.UnitTests\JarvisAssistant.UnitTests.csproj]
c:\Users\Bruce\source\repos\Jarvis Assistant MK2\JarvisAssistant.UnitTests\Integration\ChatIntegrationTests.cs(269,68): warning CS0067: The event 'TestVoiceModeManager.VoiceActivityDetected' is never used [c:\Users\Bruce\source\repos\Jarvis Assistant MK2\JarvisAssistant.UnitTests\JarvisAssistant.UnitTests.csproj]
c:\Users\Bruce\source\repos\Jarvis Assistant MK2\JarvisAssistant.UnitTests\Voice\WindowsSapiVoiceServiceTests.cs(13,38): warning CA1416: This call site is reachable on all platforms. 'WindowsSapiVoiceService' is only supported on: 'windows'. (https://learn.microsoft.com/dotnet/fundamentals/code-analysis/quality-rules/ca1416) [c:\Users\Bruce\source\repos\Jarvis Assistant MK2\JarvisAssistant.UnitTests\JarvisAssistant.UnitTests.csproj]
c:\Users\Bruce\source\repos\Jarvis Assistant MK2\JarvisAssistant.UnitTests\Voice\WindowsSapiVoiceServiceTests.cs(17,35): warning CA1416: This call site is reachable on all platforms. 'WindowsSapiVoiceService.GenerateSpeechAsync(string, string?, CancellationToken)' is only supported on: 'windows'. (https://learn.microsoft.com/dotnet/fundamentals/code-analysis/quality-rules/ca1416) [c:\Users\Bruce\source\repos\Jarvis Assistant MK2\JarvisAssistant.UnitTests\JarvisAssistant.UnitTests.csproj]
c:\Users\Bruce\source\repos\Jarvis Assistant MK2\JarvisAssistant.UnitTests\Voice\WindowsSapiVoiceServiceTests.cs(31,38): warning CA1416: This call site is reachable on all platforms. 'WindowsSapiVoiceService' is only supported on: 'windows'. (https://learn.microsoft.com/dotnet/fundamentals/code-analysis/quality-rules/ca1416) [c:\Users\Bruce\source\repos\Jarvis Assistant MK2\JarvisAssistant.UnitTests\JarvisAssistant.UnitTests.csproj]
c:\Users\Bruce\source\repos\Jarvis Assistant MK2\JarvisAssistant.UnitTests\Voice\WindowsSapiVoiceServiceTests.cs(36,41): warning CA1416: This call site is reachable on all platforms. 'WindowsSapiVoiceService.StreamSpeechAsync(string, string?, CancellationToken)' is only supported on: 'windows'. (https://learn.microsoft.com/dotnet/fundamentals/code-analysis/quality-rules/ca1416) [c:\Users\Bruce\source\repos\Jarvis Assistant MK2\JarvisAssistant.UnitTests\JarvisAssistant.UnitTests.csproj]
c:\Users\Bruce\source\repos\Jarvis Assistant MK2\JarvisAssistant.UnitTests\Voice\WindowsSapiVoiceServiceTests.cs(74,35): warning CA1416: This call site is reachable on all platforms. 'WindowsSapiVoiceService.GenerateSpeechAsync(string, string?, CancellationToken)' is only supported on: 'windows'. (https://learn.microsoft.com/dotnet/fundamentals/code-analysis/quality-rules/ca1416) [c:\Users\Bruce\source\repos\Jarvis Assistant MK2\JarvisAssistant.UnitTests\JarvisAssistant.UnitTests.csproj]
c:\Users\Bruce\source\repos\Jarvis Assistant MK2\JarvisAssistant.UnitTests\Voice\WindowsSapiVoiceServiceTests.cs(71,38): warning CA1416: This call site is reachable on all platforms. 'WindowsSapiVoiceService' is only supported on: 'windows'. (https://learn.microsoft.com/dotnet/fundamentals/code-analysis/quality-rules/ca1416) [c:\Users\Bruce\source\repos\Jarvis Assistant MK2\JarvisAssistant.UnitTests\JarvisAssistant.UnitTests.csproj]
c:\Users\Bruce\source\repos\Jarvis Assistant MK2\JarvisAssistant.UnitTests\Voice\WindowsSapiVoiceServiceTests.cs(55,26): warning CA1416: This call site is reachable on all platforms. 'WindowsSapiVoiceService.GetAvailableVoices()' is only supported on: 'windows'. (https://learn.microsoft.com/dotnet/fundamentals/code-analysis/quality-rules/ca1416) [c:\Users\Bruce\source\repos\Jarvis Assistant MK2\JarvisAssistant.UnitTests\JarvisAssistant.UnitTests.csproj]
c:\Users\Bruce\source\repos\Jarvis Assistant MK2\JarvisAssistant.UnitTests\Voice\WindowsSapiVoiceServiceTests.cs(52,38): warning CA1416: This call site is reachable on all platforms. 'WindowsSapiVoiceService' is only supported on: 'windows'. (https://learn.microsoft.com/dotnet/fundamentals/code-analysis/quality-rules/ca1416) [c:\Users\Bruce\source\repos\Jarvis Assistant MK2\JarvisAssistant.UnitTests\JarvisAssistant.UnitTests.csproj]
c:\Users\Bruce\source\repos\Jarvis Assistant MK2\JarvisAssistant.UnitTests\Voice\WindowsSapiVoiceServiceTests.cs(85,38): warning CA1416: This call site is reachable on all platforms. 'WindowsSapiVoiceService' is only supported on: 'windows'. (https://learn.microsoft.com/dotnet/fundamentals/code-analysis/quality-rules/ca1416) [c:\Users\Bruce\source\repos\Jarvis Assistant MK2\JarvisAssistant.UnitTests\JarvisAssistant.UnitTests.csproj]
c:\Users\Bruce\source\repos\Jarvis Assistant MK2\JarvisAssistant.UnitTests\Voice\WindowsSapiVoiceServiceTests.cs(89,35): warning CA1416: This call site is reachable on all platforms. 'WindowsSapiVoiceService.GenerateSpeechAsync(string, string?, CancellationToken)' is only supported on: 'windows'. (https://learn.microsoft.com/dotnet/fundamentals/code-analysis/quality-rules/ca1416) [c:\Users\Bruce\source\repos\Jarvis Assistant MK2\JarvisAssistant.UnitTests\JarvisAssistant.UnitTests.csproj]
c:\Users\Bruce\source\repos\Jarvis Assistant MK2\JarvisAssistant.UnitTests\Core\Converters\ConverterLogicTests.cs(21,67): warning xUnit1026: Theory method 'BoolToColorHex_ShouldReturnCorrectColors' on test class 'ConverterLogicTests' does not use parameter 'isConnected'. Use the parameter, or remove the parameter and associated data. (https://xunit.net/xunit.analyzers/rules/xUnit1026) [c:\Users\Bruce\source\repos\Jarvis Assistant MK2\JarvisAssistant.UnitTests\JarvisAssistant.UnitTests.csproj]
c:\Users\Bruce\source\repos\Jarvis Assistant MK2\JarvisAssistant.UnitTests\Core\Converters\ConverterLogicTests.cs(21,87): warning xUnit1026: Theory method 'BoolToColorHex_ShouldReturnCorrectColors' on test class 'ConverterLogicTests' does not use parameter 'expectedColor'. Use the parameter, or remove the parameter and associated data. (https://xunit.net/xunit.analyzers/rules/xUnit1026) [c:\Users\Bruce\source\repos\Jarvis Assistant MK2\JarvisAssistant.UnitTests\JarvisAssistant.UnitTests.csproj]
c:\Users\Bruce\source\repos\Jarvis Assistant MK2\JarvisAssistant.UnitTests\Services\ElevenLabsVoiceServiceTests.cs(253,102): warning xUnit1026: Theory method 'GenerateSpeechAsync_AdjustsVoiceSettingsBasedOnContent' on test class 'ElevenLabsVoiceServiceTests' does not use parameter 'expectedEmotion'. Use the parameter, or remove the parameter and associated data. (https://xunit.net/xunit.analyzers/rules/xUnit1026) [c:\Users\Bruce\source\repos\Jarvis Assistant MK2\JarvisAssistant.UnitTests\JarvisAssistant.UnitTests.csproj]
c:\Users\Bruce\source\repos\Jarvis Assistant MK2\JarvisAssistant.UnitTests\Services\ElevenLabsVoiceServiceTests.cs(272,79): warning xUnit1031: Test methods should not use blocking task operations, as they can cause deadlocks. Use an async test method and await instead. (https://xunit.net/xunit.analyzers/rules/xUnit1031) [c:\Users\Bruce\source\repos\Jarvis Assistant MK2\JarvisAssistant.UnitTests\JarvisAssistant.UnitTests.csproj]
c:\Users\Bruce\source\repos\Jarvis Assistant MK2\JarvisAssistant.UnitTests\Services\ElevenLabsVoiceServiceTests.cs(315,79): warning xUnit1031: Test methods should not use blocking task operations, as they can cause deadlocks. Use an async test method and await instead. (https://xunit.net/xunit.analyzers/rules/xUnit1031) [c:\Users\Bruce\source\repos\Jarvis Assistant MK2\JarvisAssistant.UnitTests\JarvisAssistant.UnitTests.csproj]
c:\Users\Bruce\source\repos\Jarvis Assistant MK2\JarvisAssistant.UnitTests\Voice\VoiceCommandProcessorTests.cs(201,66): warning xUnit1031: Test methods should not use blocking task operations, as they can cause deadlocks. Use an async test method and await instead. (https://xunit.net/xunit.analyzers/rules/xUnit1031) [c:\Users\Bruce\source\repos\Jarvis Assistant MK2\JarvisAssistant.UnitTests\JarvisAssistant.UnitTests.csproj]
c:\Users\Bruce\source\repos\Jarvis Assistant MK2\JarvisAssistant.UnitTests\Voice\VoiceCommandProcessorTests.cs(233,66): warning xUnit1031: Test methods should not use blocking task operations, as they can cause deadlocks. Use an async test method and await instead. (https://xunit.net/xunit.analyzers/rules/xUnit1031) [c:\Users\Bruce\source\repos\Jarvis Assistant MK2\JarvisAssistant.UnitTests\JarvisAssistant.UnitTests.csproj]
c:\Users\Bruce\source\repos\Jarvis Assistant MK2\JarvisAssistant.UnitTests\Voice\VoiceCommandProcessorTests.cs(304,53): warning xUnit1031: Test methods should not use blocking task operations, as they can cause deadlocks. Use an async test method and await instead. (https://xunit.net/xunit.analyzers/rules/xUnit1031) [c:\Users\Bruce\source\repos\Jarvis Assistant MK2\JarvisAssistant.UnitTests\JarvisAssistant.UnitTests.csproj]
c:\Users\Bruce\source\repos\Jarvis Assistant MK2\JarvisAssistant.UnitTests\Voice\VoiceCommandProcessorTests.cs(333,53): warning xUnit1031: Test methods should not use blocking task operations, as they can cause deadlocks. Use an async test method and await instead. (https://xunit.net/xunit.analyzers/rules/xUnit1031) [c:\Users\Bruce\source\repos\Jarvis Assistant MK2\JarvisAssistant.UnitTests\JarvisAssistant.UnitTests.csproj]
c:\Users\Bruce\source\repos\Jarvis Assistant MK2\JarvisAssistant.UnitTests\Voice\VoiceCommandProcessorTests.cs(356,53): warning xUnit1031: Test methods should not use blocking task operations, as they can cause deadlocks. Use an async test method and await instead. (https://xunit.net/xunit.analyzers/rules/xUnit1031) [c:\Users\Bruce\source\repos\Jarvis Assistant MK2\JarvisAssistant.UnitTests\JarvisAssistant.UnitTests.csproj]
c:\Users\Bruce\source\repos\Jarvis Assistant MK2\JarvisAssistant.MAUI\ViewModels\StatusPanelViewModel.cs(45,37): warning CS8601: Possible null reference assignment. [c:\Users\Bruce\source\repos\Jarvis Assistant MK2\JarvisAssistant.MAUI\JarvisAssistant.MAUI.csproj::TargetFramework=net8.0-windows10.0.19041.0]
c:\Users\Bruce\source\repos\Jarvis Assistant MK2\JarvisAssistant.MAUI\ViewModels\StatusPanelViewModel.cs(46,30): warning CS8601: Possible null reference assignment. [c:\Users\Bruce\source\repos\Jarvis Assistant MK2\JarvisAssistant.MAUI\JarvisAssistant.MAUI.csproj::TargetFramework=net8.0-windows10.0.19041.0]
c:\Users\Bruce\source\repos\Jarvis Assistant MK2\JarvisAssistant.MAUI\ViewModels\StatusPanelViewModel.cs(40,16): warning CS8618: Non-nullable field '_statusMonitorService' must contain a non-null value when exiting constructor. Consider adding the 'required' modifier or declaring the field as nullable. [c:\Users\Bruce\source\repos\Jarvis Assistant MK2\JarvisAssistant.MAUI\JarvisAssistant.MAUI.csproj::TargetFramework=net8.0-windows10.0.19041.0]
c:\Users\Bruce\source\repos\Jarvis Assistant MK2\JarvisAssistant.MAUI\ViewModels\StatusPanelViewModel.cs(40,16): warning CS8618: Non-nullable field '_dialogService' must contain a non-null value when exiting constructor. Consider adding the 'required' modifier or declaring the field as nullable. [c:\Users\Bruce\source\repos\Jarvis Assistant MK2\JarvisAssistant.MAUI\JarvisAssistant.MAUI.csproj::TargetFramework=net8.0-windows10.0.19041.0]
c:\Users\Bruce\source\repos\Jarvis Assistant MK2\JarvisAssistant.MAUI\Views\VoiceDemoPage.xaml.cs(14,29): warning CS0169: The field 'VoiceDemoPage._voiceIndicator' is never used [c:\Users\Bruce\source\repos\Jarvis Assistant MK2\JarvisAssistant.MAUI\JarvisAssistant.MAUI.csproj::TargetFramework=net8.0-windows10.0.19041.0]
  JarvisAssistant.MAUI -> c:\Users\Bruce\source\repos\Jarvis Assistant MK2\JarvisAssistant.MAUI\bin\Debug\net8.0-windows10.0.19041.0\win10-x64\JarvisAssistant.MAUI.dll

Build FAILED.

c:\Users\Bruce\source\repos\Jarvis Assistant MK2\JarvisAssistant.UnitTests\Integration\ChatIntegrationTests.cs(223,13): warning CS0162: Unreachable code detected [c:\Users\Bruce\source\repos\Jarvis Assistant MK2\JarvisAssistant.UnitTests\JarvisAssistant.UnitTests.csproj]
c:\Users\Bruce\source\repos\Jarvis Assistant MK2\JarvisAssistant.UnitTests\Integration\ChatIntegrationTests.cs(220,53): warning CS1998: This async method lacks 'await' operators and will run synchronously. Consider using the 'await' operator to await non-blocking API calls, or 'await Task.Run(...)' to do CPU-bound work on a background thread. [c:\Users\Bruce\source\repos\Jarvis Assistant MK2\JarvisAssistant.UnitTests\JarvisAssistant.UnitTests.csproj]
c:\Users\Bruce\source\repos\Jarvis Assistant MK2\JarvisAssistant.UnitTests\Services\LLM\IOllamaClientAbstractionTests.cs(161,45): warning CS1998: This async method lacks 'await' operators and will run synchronously. Consider using the 'await' operator to await non-blocking API calls, or 'await Task.Run(...)' to do CPU-bound work on a background thread. [c:\Users\Bruce\source\repos\Jarvis Assistant MK2\JarvisAssistant.UnitTests\JarvisAssistant.UnitTests.csproj]
c:\Users\Bruce\source\repos\Jarvis Assistant MK2\JarvisAssistant.UnitTests\Integration\ChatIntegrationTests.cs(242,47): warning CS1998: This async method lacks 'await' operators and will run synchronously. Consider using the 'await' operator to await non-blocking API calls, or 'await Task.Run(...)' to do CPU-bound work on a background thread. [c:\Users\Bruce\source\repos\Jarvis Assistant MK2\JarvisAssistant.UnitTests\JarvisAssistant.UnitTests.csproj]
c:\Users\Bruce\source\repos\Jarvis Assistant MK2\JarvisAssistant.UnitTests\Integration\ChatIntegrationTests.cs(195,53): warning CS1998: This async method lacks 'await' operators and will run synchronously. Consider using the 'await' operator to await non-blocking API calls, or 'await Task.Run(...)' to do CPU-bound work on a background thread. [c:\Users\Bruce\source\repos\Jarvis Assistant MK2\JarvisAssistant.UnitTests\JarvisAssistant.UnitTests.csproj]
c:\Users\Bruce\source\repos\Jarvis Assistant MK2\JarvisAssistant.UnitTests\Services\VoiceServiceTests.cs(282,27): warning CS1998: This async method lacks 'await' operators and will run synchronously. Consider using the 'await' operator to await non-blocking API calls, or 'await Task.Run(...)' to do CPU-bound work on a background thread. [c:\Users\Bruce\source\repos\Jarvis Assistant MK2\JarvisAssistant.UnitTests\JarvisAssistant.UnitTests.csproj]
c:\Users\Bruce\source\repos\Jarvis Assistant MK2\JarvisAssistant.UnitTests\Voice\ElevenLabsAudibleTests.cs(116,78): warning CS8602: Dereference of a possibly null reference. [c:\Users\Bruce\source\repos\Jarvis Assistant MK2\JarvisAssistant.UnitTests\JarvisAssistant.UnitTests.csproj]
c:\Users\Bruce\source\repos\Jarvis Assistant MK2\JarvisAssistant.UnitTests\Voice\VoiceServiceStatusTests.cs(32,25): warning CS8602: Dereference of a possibly null reference. [c:\Users\Bruce\source\repos\Jarvis Assistant MK2\JarvisAssistant.UnitTests\JarvisAssistant.UnitTests.csproj]
c:\Users\Bruce\source\repos\Jarvis Assistant MK2\JarvisAssistant.UnitTests\Mocks\MockMainPage.cs(83,23): warning CS8618: Non-nullable property 'ErrorMessage' must contain a non-null value when exiting constructor. Consider adding the 'required' modifier or declaring the property as nullable. [c:\Users\Bruce\source\repos\Jarvis Assistant MK2\JarvisAssistant.UnitTests\JarvisAssistant.UnitTests.csproj]
c:\Users\Bruce\source\repos\Jarvis Assistant MK2\JarvisAssistant.UnitTests\Mocks\MockMainPage.cs(28,21): warning CS8602: Dereference of a possibly null reference. [c:\Users\Bruce\source\repos\Jarvis Assistant MK2\JarvisAssistant.UnitTests\JarvisAssistant.UnitTests.csproj]
c:\Users\Bruce\source\repos\Jarvis Assistant MK2\JarvisAssistant.UnitTests\Mocks\MockMainPage.cs(31,21): warning CS8602: Dereference of a possibly null reference. [c:\Users\Bruce\source\repos\Jarvis Assistant MK2\JarvisAssistant.UnitTests\JarvisAssistant.UnitTests.csproj]
c:\Users\Bruce\source\repos\Jarvis Assistant MK2\JarvisAssistant.UnitTests\Mocks\MockMainPage.cs(34,21): warning CS8602: Dereference of a possibly null reference. [c:\Users\Bruce\source\repos\Jarvis Assistant MK2\JarvisAssistant.UnitTests\JarvisAssistant.UnitTests.csproj]
c:\Users\Bruce\source\repos\Jarvis Assistant MK2\JarvisAssistant.UnitTests\UI\MAUIStatusPanelUITests.cs(85,27): warning CS1998: This async method lacks 'await' operators and will run synchronously. Consider using the 'await' operator to await non-blocking API calls, or 'await Task.Run(...)' to do CPU-bound work on a background thread. [c:\Users\Bruce\source\repos\Jarvis Assistant MK2\JarvisAssistant.UnitTests\JarvisAssistant.UnitTests.csproj]
c:\Users\Bruce\source\repos\Jarvis Assistant MK2\JarvisAssistant.UnitTests\Services\LLM\LLMErrorHandlerTests.cs(392,21): warning CS8620: Argument of type 'Func<It.IsAnyType, Exception, string>' cannot be used for parameter 'formatter' of type 'Func<It.IsAnyType, Exception?, string>' in 'void ILogger.Log<IsAnyType>(LogLevel logLevel, EventId eventId, IsAnyType state, Exception? exception, Func<IsAnyType, Exception?, string> formatter)' due to differences in the nullability of reference types. [c:\Users\Bruce\source\repos\Jarvis Assistant MK2\JarvisAssistant.UnitTests\JarvisAssistant.UnitTests.csproj]
c:\Users\Bruce\source\repos\Jarvis Assistant MK2\JarvisAssistant.UnitTests\Services\LLM\LLMErrorHandlerTests.cs(412,21): warning CS8620: Argument of type 'Func<It.IsAnyType, Exception, string>' cannot be used for parameter 'formatter' of type 'Func<It.IsAnyType, Exception?, string>' in 'void ILogger.Log<IsAnyType>(LogLevel logLevel, EventId eventId, IsAnyType state, Exception? exception, Func<IsAnyType, Exception?, string> formatter)' due to differences in the nullability of reference types. [c:\Users\Bruce\source\repos\Jarvis Assistant MK2\JarvisAssistant.UnitTests\JarvisAssistant.UnitTests.csproj]
c:\Users\Bruce\source\repos\Jarvis Assistant MK2\JarvisAssistant.UnitTests\Services\LLM\LLMErrorHandlerTests.cs(447,13): warning CS8602: Dereference of a possibly null reference. [c:\Users\Bruce\source\repos\Jarvis Assistant MK2\JarvisAssistant.UnitTests\JarvisAssistant.UnitTests.csproj]
c:\Users\Bruce\source\repos\Jarvis Assistant MK2\JarvisAssistant.UnitTests\Integration\ChatIntegrationTests.cs(316,68): warning CS0067: The event 'TestVoiceCommandProcessor.CommandProcessed' is never used [c:\Users\Bruce\source\repos\Jarvis Assistant MK2\JarvisAssistant.UnitTests\JarvisAssistant.UnitTests.csproj]
c:\Users\Bruce\source\repos\Jarvis Assistant MK2\JarvisAssistant.UnitTests\Integration\ChatIntegrationTests.cs(268,63): warning CS0067: The event 'TestVoiceModeManager.WakeWordDetected' is never used [c:\Users\Bruce\source\repos\Jarvis Assistant MK2\JarvisAssistant.UnitTests\JarvisAssistant.UnitTests.csproj]
c:\Users\Bruce\source\repos\Jarvis Assistant MK2\JarvisAssistant.UnitTests\Integration\ChatIntegrationTests.cs(315,67): warning CS0067: The event 'TestVoiceCommandProcessor.CommandReceived' is never used [c:\Users\Bruce\source\repos\Jarvis Assistant MK2\JarvisAssistant.UnitTests\JarvisAssistant.UnitTests.csproj]
c:\Users\Bruce\source\repos\Jarvis Assistant MK2\JarvisAssistant.UnitTests\Integration\ChatIntegrationTests.cs(400,51): warning CS0067: The event 'TestStatusMonitorService.PropertyChanged' is never used [c:\Users\Bruce\source\repos\Jarvis Assistant MK2\JarvisAssistant.UnitTests\JarvisAssistant.UnitTests.csproj]
c:\Users\Bruce\source\repos\Jarvis Assistant MK2\JarvisAssistant.UnitTests\Integration\ChatIntegrationTests.cs(267,68): warning CS0067: The event 'TestVoiceModeManager.StateChanged' is never used [c:\Users\Bruce\source\repos\Jarvis Assistant MK2\JarvisAssistant.UnitTests\JarvisAssistant.UnitTests.csproj]
c:\Users\Bruce\source\repos\Jarvis Assistant MK2\JarvisAssistant.UnitTests\UI\MAUIStatusPanelUITests.cs(498,73): warning CS0067: The event 'MockStatusMonitorService.PropertyChanged' is never used [c:\Users\Bruce\source\repos\Jarvis Assistant MK2\JarvisAssistant.UnitTests\JarvisAssistant.UnitTests.csproj]
c:\Users\Bruce\source\repos\Jarvis Assistant MK2\JarvisAssistant.UnitTests\Integration\ChatIntegrationTests.cs(269,68): warning CS0067: The event 'TestVoiceModeManager.VoiceActivityDetected' is never used [c:\Users\Bruce\source\repos\Jarvis Assistant MK2\JarvisAssistant.UnitTests\JarvisAssistant.UnitTests.csproj]
c:\Users\Bruce\source\repos\Jarvis Assistant MK2\JarvisAssistant.UnitTests\Voice\WindowsSapiVoiceServiceTests.cs(13,38): warning CA1416: This call site is reachable on all platforms. 'WindowsSapiVoiceService' is only supported on: 'windows'. (https://learn.microsoft.com/dotnet/fundamentals/code-analysis/quality-rules/ca1416) [c:\Users\Bruce\source\repos\Jarvis Assistant MK2\JarvisAssistant.UnitTests\JarvisAssistant.UnitTests.csproj]
c:\Users\Bruce\source\repos\Jarvis Assistant MK2\JarvisAssistant.UnitTests\Voice\WindowsSapiVoiceServiceTests.cs(17,35): warning CA1416: This call site is reachable on all platforms. 'WindowsSapiVoiceService.GenerateSpeechAsync(string, string?, CancellationToken)' is only supported on: 'windows'. (https://learn.microsoft.com/dotnet/fundamentals/code-analysis/quality-rules/ca1416) [c:\Users\Bruce\source\repos\Jarvis Assistant MK2\JarvisAssistant.UnitTests\JarvisAssistant.UnitTests.csproj]
c:\Users\Bruce\source\repos\Jarvis Assistant MK2\JarvisAssistant.UnitTests\Voice\WindowsSapiVoiceServiceTests.cs(31,38): warning CA1416: This call site is reachable on all platforms. 'WindowsSapiVoiceService' is only supported on: 'windows'. (https://learn.microsoft.com/dotnet/fundamentals/code-analysis/quality-rules/ca1416) [c:\Users\Bruce\source\repos\Jarvis Assistant MK2\JarvisAssistant.UnitTests\JarvisAssistant.UnitTests.csproj]
c:\Users\Bruce\source\repos\Jarvis Assistant MK2\JarvisAssistant.UnitTests\Voice\WindowsSapiVoiceServiceTests.cs(36,41): warning CA1416: This call site is reachable on all platforms. 'WindowsSapiVoiceService.StreamSpeechAsync(string, string?, CancellationToken)' is only supported on: 'windows'. (https://learn.microsoft.com/dotnet/fundamentals/code-analysis/quality-rules/ca1416) [c:\Users\Bruce\source\repos\Jarvis Assistant MK2\JarvisAssistant.UnitTests\JarvisAssistant.UnitTests.csproj]
c:\Users\Bruce\source\repos\Jarvis Assistant MK2\JarvisAssistant.UnitTests\Voice\WindowsSapiVoiceServiceTests.cs(74,35): warning CA1416: This call site is reachable on all platforms. 'WindowsSapiVoiceService.GenerateSpeechAsync(string, string?, CancellationToken)' is only supported on: 'windows'. (https://learn.microsoft.com/dotnet/fundamentals/code-analysis/quality-rules/ca1416) [c:\Users\Bruce\source\repos\Jarvis Assistant MK2\JarvisAssistant.UnitTests\JarvisAssistant.UnitTests.csproj]
c:\Users\Bruce\source\repos\Jarvis Assistant MK2\JarvisAssistant.UnitTests\Voice\WindowsSapiVoiceServiceTests.cs(71,38): warning CA1416: This call site is reachable on all platforms. 'WindowsSapiVoiceService' is only supported on: 'windows'. (https://learn.microsoft.com/dotnet/fundamentals/code-analysis/quality-rules/ca1416) [c:\Users\Bruce\source\repos\Jarvis Assistant MK2\JarvisAssistant.UnitTests\JarvisAssistant.UnitTests.csproj]
c:\Users\Bruce\source\repos\Jarvis Assistant MK2\JarvisAssistant.UnitTests\Voice\WindowsSapiVoiceServiceTests.cs(55,26): warning CA1416: This call site is reachable on all platforms. 'WindowsSapiVoiceService.GetAvailableVoices()' is only supported on: 'windows'. (https://learn.microsoft.com/dotnet/fundamentals/code-analysis/quality-rules/ca1416) [c:\Users\Bruce\source\repos\Jarvis Assistant MK2\JarvisAssistant.UnitTests\JarvisAssistant.UnitTests.csproj]
c:\Users\Bruce\source\repos\Jarvis Assistant MK2\JarvisAssistant.UnitTests\Voice\WindowsSapiVoiceServiceTests.cs(52,38): warning CA1416: This call site is reachable on all platforms. 'WindowsSapiVoiceService' is only supported on: 'windows'. (https://learn.microsoft.com/dotnet/fundamentals/code-analysis/quality-rules/ca1416) [c:\Users\Bruce\source\repos\Jarvis Assistant MK2\JarvisAssistant.UnitTests\JarvisAssistant.UnitTests.csproj]
c:\Users\Bruce\source\repos\Jarvis Assistant MK2\JarvisAssistant.UnitTests\Voice\WindowsSapiVoiceServiceTests.cs(85,38): warning CA1416: This call site is reachable on all platforms. 'WindowsSapiVoiceService' is only supported on: 'windows'. (https://learn.microsoft.com/dotnet/fundamentals/code-analysis/quality-rules/ca1416) [c:\Users\Bruce\source\repos\Jarvis Assistant MK2\JarvisAssistant.UnitTests\JarvisAssistant.UnitTests.csproj]
c:\Users\Bruce\source\repos\Jarvis Assistant MK2\JarvisAssistant.UnitTests\Voice\WindowsSapiVoiceServiceTests.cs(89,35): warning CA1416: This call site is reachable on all platforms. 'WindowsSapiVoiceService.GenerateSpeechAsync(string, string?, CancellationToken)' is only supported on: 'windows'. (https://learn.microsoft.com/dotnet/fundamentals/code-analysis/quality-rules/ca1416) [c:\Users\Bruce\source\repos\Jarvis Assistant MK2\JarvisAssistant.UnitTests\JarvisAssistant.UnitTests.csproj]
c:\Users\Bruce\source\repos\Jarvis Assistant MK2\JarvisAssistant.UnitTests\Core\Converters\ConverterLogicTests.cs(21,67): warning xUnit1026: Theory method 'BoolToColorHex_ShouldReturnCorrectColors' on test class 'ConverterLogicTests' does not use parameter 'isConnected'. Use the parameter, or remove the parameter and associated data. (https://xunit.net/xunit.analyzers/rules/xUnit1026) [c:\Users\Bruce\source\repos\Jarvis Assistant MK2\JarvisAssistant.UnitTests\JarvisAssistant.UnitTests.csproj]
c:\Users\Bruce\source\repos\Jarvis Assistant MK2\JarvisAssistant.UnitTests\Core\Converters\ConverterLogicTests.cs(21,87): warning xUnit1026: Theory method 'BoolToColorHex_ShouldReturnCorrectColors' on test class 'ConverterLogicTests' does not use parameter 'expectedColor'. Use the parameter, or remove the parameter and associated data. (https://xunit.net/xunit.analyzers/rules/xUnit1026) [c:\Users\Bruce\source\repos\Jarvis Assistant MK2\JarvisAssistant.UnitTests\JarvisAssistant.UnitTests.csproj]
c:\Users\Bruce\source\repos\Jarvis Assistant MK2\JarvisAssistant.UnitTests\Services\ElevenLabsVoiceServiceTests.cs(253,102): warning xUnit1026: Theory method 'GenerateSpeechAsync_AdjustsVoiceSettingsBasedOnContent' on test class 'ElevenLabsVoiceServiceTests' does not use parameter 'expectedEmotion'. Use the parameter, or remove the parameter and associated data. (https://xunit.net/xunit.analyzers/rules/xUnit1026) [c:\Users\Bruce\source\repos\Jarvis Assistant MK2\JarvisAssistant.UnitTests\JarvisAssistant.UnitTests.csproj]
c:\Users\Bruce\source\repos\Jarvis Assistant MK2\JarvisAssistant.UnitTests\Services\ElevenLabsVoiceServiceTests.cs(272,79): warning xUnit1031: Test methods should not use blocking task operations, as they can cause deadlocks. Use an async test method and await instead. (https://xunit.net/xunit.analyzers/rules/xUnit1031) [c:\Users\Bruce\source\repos\Jarvis Assistant MK2\JarvisAssistant.UnitTests\JarvisAssistant.UnitTests.csproj]
c:\Users\Bruce\source\repos\Jarvis Assistant MK2\JarvisAssistant.UnitTests\Services\ElevenLabsVoiceServiceTests.cs(315,79): warning xUnit1031: Test methods should not use blocking task operations, as they can cause deadlocks. Use an async test method and await instead. (https://xunit.net/xunit.analyzers/rules/xUnit1031) [c:\Users\Bruce\source\repos\Jarvis Assistant MK2\JarvisAssistant.UnitTests\JarvisAssistant.UnitTests.csproj]
c:\Users\Bruce\source\repos\Jarvis Assistant MK2\JarvisAssistant.UnitTests\Voice\VoiceCommandProcessorTests.cs(201,66): warning xUnit1031: Test methods should not use blocking task operations, as they can cause deadlocks. Use an async test method and await instead. (https://xunit.net/xunit.analyzers/rules/xUnit1031) [c:\Users\Bruce\source\repos\Jarvis Assistant MK2\JarvisAssistant.UnitTests\JarvisAssistant.UnitTests.csproj]
c:\Users\Bruce\source\repos\Jarvis Assistant MK2\JarvisAssistant.UnitTests\Voice\VoiceCommandProcessorTests.cs(233,66): warning xUnit1031: Test methods should not use blocking task operations, as they can cause deadlocks. Use an async test method and await instead. (https://xunit.net/xunit.analyzers/rules/xUnit1031) [c:\Users\Bruce\source\repos\Jarvis Assistant MK2\JarvisAssistant.UnitTests\JarvisAssistant.UnitTests.csproj]
c:\Users\Bruce\source\repos\Jarvis Assistant MK2\JarvisAssistant.UnitTests\Voice\VoiceCommandProcessorTests.cs(304,53): warning xUnit1031: Test methods should not use blocking task operations, as they can cause deadlocks. Use an async test method and await instead. (https://xunit.net/xunit.analyzers/rules/xUnit1031) [c:\Users\Bruce\source\repos\Jarvis Assistant MK2\JarvisAssistant.UnitTests\JarvisAssistant.UnitTests.csproj]
c:\Users\Bruce\source\repos\Jarvis Assistant MK2\JarvisAssistant.UnitTests\Voice\VoiceCommandProcessorTests.cs(333,53): warning xUnit1031: Test methods should not use blocking task operations, as they can cause deadlocks. Use an async test method and await instead. (https://xunit.net/xunit.analyzers/rules/xUnit1031) [c:\Users\Bruce\source\repos\Jarvis Assistant MK2\JarvisAssistant.UnitTests\JarvisAssistant.UnitTests.csproj]
c:\Users\Bruce\source\repos\Jarvis Assistant MK2\JarvisAssistant.UnitTests\Voice\VoiceCommandProcessorTests.cs(356,53): warning xUnit1031: Test methods should not use blocking task operations, as they can cause deadlocks. Use an async test method and await instead. (https://xunit.net/xunit.analyzers/rules/xUnit1031) [c:\Users\Bruce\source\repos\Jarvis Assistant MK2\JarvisAssistant.UnitTests\JarvisAssistant.UnitTests.csproj]
c:\Users\Bruce\source\repos\Jarvis Assistant MK2\JarvisAssistant.MAUI\ViewModels\StatusPanelViewModel.cs(45,37): warning CS8601: Possible null reference assignment. [c:\Users\Bruce\source\repos\Jarvis Assistant MK2\JarvisAssistant.MAUI\JarvisAssistant.MAUI.csproj::TargetFramework=net8.0-windows10.0.19041.0]
c:\Users\Bruce\source\repos\Jarvis Assistant MK2\JarvisAssistant.MAUI\ViewModels\StatusPanelViewModel.cs(46,30): warning CS8601: Possible null reference assignment. [c:\Users\Bruce\source\repos\Jarvis Assistant MK2\JarvisAssistant.MAUI\JarvisAssistant.MAUI.csproj::TargetFramework=net8.0-windows10.0.19041.0]
c:\Users\Bruce\source\repos\Jarvis Assistant MK2\JarvisAssistant.MAUI\ViewModels\StatusPanelViewModel.cs(40,16): warning CS8618: Non-nullable field '_statusMonitorService' must contain a non-null value when exiting constructor. Consider adding the 'required' modifier or declaring the field as nullable. [c:\Users\Bruce\source\repos\Jarvis Assistant MK2\JarvisAssistant.MAUI\JarvisAssistant.MAUI.csproj::TargetFramework=net8.0-windows10.0.19041.0]
c:\Users\Bruce\source\repos\Jarvis Assistant MK2\JarvisAssistant.MAUI\ViewModels\StatusPanelViewModel.cs(40,16): warning CS8618: Non-nullable field '_dialogService' must contain a non-null value when exiting constructor. Consider adding the 'required' modifier or declaring the field as nullable. [c:\Users\Bruce\source\repos\Jarvis Assistant MK2\JarvisAssistant.MAUI\JarvisAssistant.MAUI.csproj::TargetFramework=net8.0-windows10.0.19041.0]
c:\Users\Bruce\source\repos\Jarvis Assistant MK2\JarvisAssistant.MAUI\Views\VoiceDemoPage.xaml.cs(14,29): warning CS0169: The field 'VoiceDemoPage._voiceIndicator' is never used [c:\Users\Bruce\source\repos\Jarvis Assistant MK2\JarvisAssistant.MAUI\JarvisAssistant.MAUI.csproj::TargetFramework=net8.0-windows10.0.19041.0]
c:\Users\Bruce\source\repos\Jarvis Assistant MK2\JarvisAssistant.UnitTests\Mocks\MockMainPage.cs(28,39): error CS1061: 'INavigationService' does not contain a definition for 'GoToAsync' and no accessible extension method 'GoToAsync' accepting a first argument of type 'INavigationService' could be found (are you missing a using directive or an assembly reference?) [c:\Users\Bruce\source\repos\Jarvis Assistant MK2\JarvisAssistant.UnitTests\JarvisAssistant.UnitTests.csproj]
c:\Users\Bruce\source\repos\Jarvis Assistant MK2\JarvisAssistant.UnitTests\Mocks\MockMainPage.cs(31,39): error CS1061: 'INavigationService' does not contain a definition for 'GoToAsync' and no accessible extension method 'GoToAsync' accepting a first argument of type 'INavigationService' could be found (are you missing a using directive or an assembly reference?) [c:\Users\Bruce\source\repos\Jarvis Assistant MK2\JarvisAssistant.UnitTests\JarvisAssistant.UnitTests.csproj]
    48 Warning(s)
    2 Error(s)

Time Elapsed 00:00:04.44
